$BOF
$BOB
OH~3100~28300-1~ACME~20220221T000000~20220413T000000~20220422T000000~Rail~P~D~107225~United States~~Chicago~IL~386235~Chicago~IL~384869~JB~1~195000~LBS~L~Joe Bloggs~R~20220412T155058~
3P~C1~107237~RTCF~
RF~LS~32524-1~
RF~SD~33138-1~
RF~PO~Freight Invoice~
PD~1~H1002NA-P~H1002NA-P~2821139~195000~LBS~0.54~H1002NA-P~HPP-P~Market Sales~N~H1002NA-P~HPP-P~
$EOB
$EOF
